[     444ms] [LOG] %c
▲

__  __                                     _            __
\ \/ /___  __  __   _________ _____       (_)_  _______/ /_
 \  / __ \/ / / /  / ___/ __ `/ __ \     / / / / / ___/ __/
 / / /_/ / /_/ /  / /__/ /_/ / / / /    / / /_/ (__  ) /_
/_/\____/\__,_/   \___/\__,_/_/ /_/  __/ /\__,_/____/\__/
         __    _          __  __    /___/
   _____/ /_  (_)___     / /_/ /_  (_)___  ____ ______
  / ___/ __ \/ / __ \   / __/ __ \/ / __ \/ __ `/ ___/
 (__  ) / / / / /_/ /  / /_/ / / / / / / / /_/ (__  )
/____/_/ /_/_/ .___/   \__/_/ /_/_/_/ /_/\__, /____/
            /_/                         /____/
  

Hello!

- Open Source https://vercel.com/oss
- Careers https://vercel.com/careers
- Status https://vercel-status.com

 font-family: "Geist Mono", monospace; white-space: pre; line-height: 1; @ https://vercel.com/_next/static/immutable/chunks/0gisdixsvd9-x.js:78
[    1006ms] [WARNING] Deprecated API for given entry type. @ https://vercel.com/_next/static/immutable/chunks/3qsuav06ia3wm.js:18
[    1071ms] [ERROR] Failed to load resource: net::ERR_NAME_NOT_RESOLVED @ https://o205439.ingest.sentry.io/api/1323670/envelope/?sentry_key=d00780d432ac4ccf882f60dd02062e14&sentry_version=7&sentry_client=sentry.javascript.browser%2F7.111.0:0
[    1309ms] [ERROR] Failed to load resource: the server responded with a status of 403 () @ https://vercel.com/api/jwt:0
[    1309ms] [ERROR] Failed to load resource: the server responded with a status of 403 () @ https://vercel.com/api/dash-tips?teamId=:0
[    1313ms] [LOG] Ignored request error CustomFetchError: You don't have permission to access this resource.
    at g (https://vercel.com/_next/static/immutable/chunks/1eadt4i4o0ctd.js:2:37479)
    at async revalidateOnFocus (https://vercel.com/_next/static/immutable/chunks/0fayt2p_3bv-9.js:9:1621)
    at async https://vercel.com/_next/static/immutable/chunks/3-5z7w5mrqvg2.js:2:12183 @ https://vercel.com/_next/static/immutable/chunks/3qsuav06ia3wm.js:16
[    5205ms] [WARNING] The resource https://vercel.com/_next/static/immutable/media/ebay-dark.34mho2a18qqlt.svg was preloaded using link preload but not used within a few seconds from the window's load event. Please make sure it has an appropriate `as` value and it is preloaded intentionally. @ https://vercel.com/new:0
[    5205ms] [WARNING] The resource https://vercel.com/_next/static/immutable/chunks/0wdig6-bji5jj.css was preloaded using link preload but not used within a few seconds from the window's load event. Please make sure it has an appropriate `as` value and it is preloaded intentionally. @ https://vercel.com/new:0
[    5205ms] [WARNING] The resource https://vercel.com/_next/static/immutable/media/adobe-light.406_7oryl71va.svg was preloaded using link preload but not used within a few seconds from the window's load event. Please make sure it has an appropriate `as` value and it is preloaded intentionally. @ https://vercel.com/new:0
[    5205ms] [WARNING] The resource https://vercel.com/_next/static/immutable/media/ebay-light.3ft_ki8203ov0.svg was preloaded using link preload but not used within a few seconds from the window's load event. Please make sure it has an appropriate `as` value and it is preloaded intentionally. @ https://vercel.com/new:0
[    5205ms] [WARNING] The resource https://vercel.com/_next/static/immutable/chunks/1qy3n_wgrinhq.css was preloaded using link preload but not used within a few seconds from the window's load event. Please make sure it has an appropriate `as` value and it is preloaded intentionally. @ https://vercel.com/new:0
[    5205ms] [WARNING] The resource https://vercel.com/_next/static/immutable/media/adobe-dark.1yc1msmmj95aw.svg was preloaded using link preload but not used within a few seconds from the window's load event. Please make sure it has an appropriate `as` value and it is preloaded intentionally. @ https://vercel.com/new:0
[    5205ms] [WARNING] The resource https://vercel.com/_next/static/immutable/media/stripe-light.2l_1jctpe6k_4.svg was preloaded using link preload but not used within a few seconds from the window's load event. Please make sure it has an appropriate `as` value and it is preloaded intentionally. @ https://vercel.com/new:0
[    5205ms] [WARNING] The resource https://vercel.com/_next/static/immutable/chunks/0028m5urs0vas.css was preloaded using link preload but not used within a few seconds from the window's load event. Please make sure it has an appropriate `as` value and it is preloaded intentionally. @ https://vercel.com/new:0
[    5205ms] [WARNING] The resource https://vercel.com/_next/static/immutable/media/stripe-dark.16ozjth2vgb_3.svg was preloaded using link preload but not used within a few seconds from the window's load event. Please make sure it has an appropriate `as` value and it is preloaded intentionally. @ https://vercel.com/new:0
[    5205ms] [WARNING] The resource https://vercel.com/_next/static/immutable/chunks/0-shbsz3-8ybx.css was preloaded using link preload but not used within a few seconds from the window's load event. Please make sure it has an appropriate `as` value and it is preloaded intentionally. @ https://vercel.com/new:0
[    5205ms] [WARNING] The resource https://vercel.com/_next/static/immutable/chunks/0vpo63ygevep3.css was preloaded using link preload but not used within a few seconds from the window's load event. Please make sure it has an appropriate `as` value and it is preloaded intentionally. @ https://vercel.com/new:0
[    5205ms] [WARNING] The resource https://vercel.com/_next/static/immutable/chunks/0cb-6s68qy6wf.css was preloaded using link preload but not used within a few seconds from the window's load event. Please make sure it has an appropriate `as` value and it is preloaded intentionally. @ https://vercel.com/new:0
[    6566ms] [ERROR] Failed to load resource: the server responded with a status of 403 () @ https://vercel.com/api/dash-tips?teamId=:0
[    6569ms] [LOG] Ignored request error CustomFetchError: You don't have permission to access this resource.
    at g (https://vercel.com/_next/static/immutable/chunks/1eadt4i4o0ctd.js:2:37479)
    at async revalidateOnFocus (https://vercel.com/_next/static/immutable/chunks/0fayt2p_3bv-9.js:9:1621)
    at async https://vercel.com/_next/static/immutable/chunks/3-5z7w5mrqvg2.js:2:12183 @ https://vercel.com/_next/static/immutable/chunks/3qsuav06ia3wm.js:16
[    9738ms] [ERROR] Failed to load resource: the server responded with a status of 503 () @ https://collector.github.com/github/collect:0
[   13703ms] [VERBOSE] [DOM] Password field is not contained in a form: (More info: https://goo.gl/9p2vKq) %o @ https://accounts.google.com/v3/signin/identifier?opparams=%253F&dsh=S-633724277%3A1781166387357938&client_id=1078992815106-brpsupgvhheqg35tupphbh0qk9c32nq8.apps.googleusercontent.com&code_challenge=r3JbP1cbQozL4nP1EkkyYERCHiwsCDc2ozPQlZJHb9w&code_challenge_method=S256&nonce=6d19d96f3cb4f5c2aea0ce433d786c61&o2v=2&prompt=select_account&redirect_uri=https%3A%2F%2Fgithub.com%2Fsessions%2Fsocial%2Fgoogle%2Fcallback&response_type=code&scope=openid+email+profile&service=lso&state=ebf5b036e067f8b6e325eb93c56e88c0&flowName=GeneralOAuthFlow&continue=https%3A%2F%2Faccounts.google.com%2Fsignin%2Foauth%2Fconsent%3Fauthuser%3Dunknown%26part%3DAJi8hAP_xpoiHPBjx1uuMKhj_RJ2TCX-vIbZapUow2IX138etF19C6xHS41ijHTNizJCR4bq85FuQ_2Ys7x8xSBaoZ3pRHk1zBb4lzT9hiTf7JBDpXjuVtoTuH9vWpuTvTXHSZlDOIdNuXE5TlU967CAqwc2K2Z_1mEjGlU9f7nCf88WZxCXEiO3ZtWTXk2CFvTZ4_QbJVMJdPKgwxgVOrccGIIxUTd6PcU8nK9PhQmQkkvqgM3DQTCHiH_89tWkUQ0xhT8m6FpTle8_IbIYhEhx3CQVE2SdJUzzXK_-zs_Xkzuctq_ork_u6By0dKsUdFmm6wdaMOe61voOVoBka7XQrzL5VX8TEySe8IfoEPHIGqqV-UkGHTfCe5PzVF86Z4r9E7cnOJBefT-KPS5L4ZLyi6183Ioyi9z3ndbMgRYICrIsoCBExtCxenCpqDgS8EAITEiXfo6FhNx8xAr2zwMovjPWNlSYIw%26flowName%3DGeneralOAuthFlow%26as%3DS-633724277%253A1781166387357938%26client_id%3D1078992815106-brpsupgvhheqg35tupphbh0qk9c32nq8.apps.googleusercontent.com%26requestPath%3D%252Fsignin%252Foauth%252Fconsent%23&app_domain=https%3A%2F%2Fgithub.com&rart=ANgoxce-GRIfmNBf9z60wi4Ismiv-xPZKfRo1rAV_ZyAkRp6psJE-oN4b8gPkF9Xwy9hKVpdpItS4L4wg5-XmmQZIpjwjuJITXGPmx9YjTbdMmlqfR9T3TQ:0
[   13708ms] [LOG] %c%s color: red; background: yellow; font-size: 24px; UYARI! @ https://www.gstatic.com/_/mss/boq-identity/_/js/k=boq-identity.AccountsSignInUi.tr.BVAjZrfruck.es5.O/am=EQ0AAAAMin-EDAD-__8bAIAAgmwHfM8CaAKEDAAAAAAAAAAAWAAAgEY/d=1/excm=_b,_tp,identifierview/ed=1/dg=0/wt=2/ujg=1/rs=AOaEmlGa6gjvkwyabKXrI7pH5tl9iYlGGw/dti=1/m=_b,_tp:549
[   13708ms] [LOG] %c%s font-size: 18px; Bu konsolu kullanmak, saldırganların kimliğinize bürünmelerine ve Self-XSS adı verilen bir saldırıyı kullanarak bilgilerinizi çalmalarına olanak tanıyabilir.
Anlamadığınız bir kodu girmeyin veya yapıştırmayın. @ https://www.gstatic.com/_/mss/boq-identity/_/js/k=boq-identity.AccountsSignInUi.tr.BVAjZrfruck.es5.O/am=EQ0AAAAMin-EDAD-__8bAIAAgmwHfM8CaAKEDAAAAAAAAAAAWAAAgEY/d=1/excm=_b,_tp,identifierview/ed=1/dg=0/wt=2/ujg=1/rs=AOaEmlGa6gjvkwyabKXrI7pH5tl9iYlGGw/dti=1/m=_b,_tp:549
[   80863ms] [LOG] %c%s color: red; background: yellow; font-size: 24px; UYARI! @ https://www.gstatic.com/_/mss/boq-identity/_/js/k=boq-identity.OAuthUi.tr.L1-hZmibhWE.es5.O/am=MgAAAADwD2AA8P__bwBBtgPvGUABAgAAAAAAAACAAQAgAg/d=1/excm=_b,_tp,attributesview/ed=1/dg=0/wt=2/ujg=1/rs=AOaEmlGu977724AoJVTmMEIJY9QNCJl15g/dti=1/m=_b,_tp:534
[   80863ms] [LOG] %c%s font-size: 18px; Bu konsolu kullanmak, saldırganların kimliğinize bürünmelerine ve Self-XSS adı verilen bir saldırıyı kullanarak bilgilerinizi çalmalarına olanak tanıyabilir.
Anlamadığınız bir kodu girmeyin veya yapıştırmayın. @ https://www.gstatic.com/_/mss/boq-identity/_/js/k=boq-identity.OAuthUi.tr.L1-hZmibhWE.es5.O/am=MgAAAADwD2AA8P__bwBBtgPvGUABAgAAAAAAAACAAQAgAg/d=1/excm=_b,_tp,attributesview/ed=1/dg=0/wt=2/ujg=1/rs=AOaEmlGu977724AoJVTmMEIJY9QNCJl15g/dti=1/m=_b,_tp:534
[   87631ms] [LOG] %c
▲

 _____ _              _                    _   _             __
|_   _| |__   ___    / \   __ _  ___ _ __ | |_(_) ___       / /
  | | | '_ \ / _ \  / _ \ / _` |/ _ \ '_ \| __| |/ __|     / /
  | | | | | |  __/ / ___ \ (_| |  __/ | | | |_| | (__     /_/
  |_| |_| |_|\___|/_/   \_\__, |\___|_| |_|\__|_|\___|    (_)
                           |___/
 ___        __               _                   _                 _
|_ _|_ __  / _|_ __ __ _ ___| |_ _ __ _   _  ___| |_ _   _ _ __ ___
 | || '_ \| |_| '__/ _` / __| __| '__| | | |/ __| __| | | | '__/ _ \
 | || | | |  _| | | (_| \__ \ |_| |  | |_| | (__| |_| |_| | | |  __/
|___|_| |_|_| |_|  \__,_|___/\__|_|   \__,_|\___|\__|\__,_|_|  \___|
  

Hello!

- Open Source https://vercel.com/oss
- Careers https://vercel.com/careers
- Status https://vercel-status.com

 font-family: "Geist Mono", monospace; white-space: pre; line-height: 1; @ https://vercel.com/_next/static/immutable/chunks/0gisdixsvd9-x.js:78
[   88791ms] [WARNING] Deprecated API for given entry type. @ https://vercel.com/_next/static/immutable/chunks/3qsuav06ia3wm.js:18
[   88824ms] [ERROR] Failed to load resource: net::ERR_NAME_NOT_RESOLVED @ https://o205439.ingest.sentry.io/api/1323670/envelope/?sentry_key=d00780d432ac4ccf882f60dd02062e14&sentry_version=7&sentry_client=sentry.javascript.browser%2F7.111.0:0
[   96278ms] [WARNING] The resource https://vercel.com/_next/static/immutable/chunks/0wdig6-bji5jj.css was preloaded using link preload but not used within a few seconds from the window's load event. Please make sure it has an appropriate `as` value and it is preloaded intentionally. @ https://vercel.com/new:0
[   96278ms] [WARNING] The resource https://vercel.com/_next/static/immutable/chunks/2cw2on1hi-exm.css was preloaded using link preload but not used within a few seconds from the window's load event. Please make sure it has an appropriate `as` value and it is preloaded intentionally. @ https://vercel.com/new:0
[   96278ms] [WARNING] The resource https://vercel.com/_next/static/immutable/chunks/1qy3n_wgrinhq.css was preloaded using link preload but not used within a few seconds from the window's load event. Please make sure it has an appropriate `as` value and it is preloaded intentionally. @ https://vercel.com/new:0
[   96278ms] [WARNING] The resource https://vercel.com/_next/static/immutable/chunks/1qn0by1dcdo0p.css was preloaded using link preload but not used within a few seconds from the window's load event. Please make sure it has an appropriate `as` value and it is preloaded intentionally. @ https://vercel.com/new:0
[   96278ms] [WARNING] The resource https://vercel.com/_next/static/immutable/chunks/3d792zqltro0t.css was preloaded using link preload but not used within a few seconds from the window's load event. Please make sure it has an appropriate `as` value and it is preloaded intentionally. @ https://vercel.com/new:0
[   96278ms] [WARNING] The resource https://vercel.com/_next/static/immutable/chunks/0-shbsz3-8ybx.css was preloaded using link preload but not used within a few seconds from the window's load event. Please make sure it has an appropriate `as` value and it is preloaded intentionally. @ https://vercel.com/new:0
[   96278ms] [WARNING] The resource https://vercel.com/_next/static/immutable/chunks/0vpo63ygevep3.css was preloaded using link preload but not used within a few seconds from the window's load event. Please make sure it has an appropriate `as` value and it is preloaded intentionally. @ https://vercel.com/new:0
[   96278ms] [WARNING] The resource https://vercel.com/_next/static/immutable/chunks/0cb-6s68qy6wf.css was preloaded using link preload but not used within a few seconds from the window's load event. Please make sure it has an appropriate `as` value and it is preloaded intentionally. @ https://vercel.com/new:0
[   96278ms] [WARNING] The resource https://vercel.com/_next/static/immutable/chunks/23dfrepsb1ivw.css was preloaded using link preload but not used within a few seconds from the window's load event. Please make sure it has an appropriate `as` value and it is preloaded intentionally. @ https://vercel.com/new:0
[  102039ms] [WARNING] The resource https://vercel.com/_next/static/immutable/chunks/0wdig6-bji5jj.css was preloaded using link preload but not used within a few seconds from the window's load event. Please make sure it has an appropriate `as` value and it is preloaded intentionally. @ https://vercel.com/new:0
[  102039ms] [WARNING] The resource https://vercel.com/_next/static/immutable/chunks/2cw2on1hi-exm.css was preloaded using link preload but not used within a few seconds from the window's load event. Please make sure it has an appropriate `as` value and it is preloaded intentionally. @ https://vercel.com/new:0
[  102039ms] [WARNING] The resource https://vercel.com/_next/static/immutable/chunks/1qy3n_wgrinhq.css was preloaded using link preload but not used within a few seconds from the window's load event. Please make sure it has an appropriate `as` value and it is preloaded intentionally. @ https://vercel.com/new:0
[  102039ms] [WARNING] The resource https://vercel.com/_next/static/immutable/chunks/1qn0by1dcdo0p.css was preloaded using link preload but not used within a few seconds from the window's load event. Please make sure it has an appropriate `as` value and it is preloaded intentionally. @ https://vercel.com/new:0
[  102039ms] [WARNING] The resource https://vercel.com/_next/static/immutable/chunks/3d792zqltro0t.css was preloaded using link preload but not used within a few seconds from the window's load event. Please make sure it has an appropriate `as` value and it is preloaded intentionally. @ https://vercel.com/new:0
[  102039ms] [WARNING] The resource https://vercel.com/_next/static/immutable/chunks/0-shbsz3-8ybx.css was preloaded using link preload but not used within a few seconds from the window's load event. Please make sure it has an appropriate `as` value and it is preloaded intentionally. @ https://vercel.com/new:0
[  102039ms] [WARNING] The resource https://vercel.com/_next/static/immutable/chunks/0vpo63ygevep3.css was preloaded using link preload but not used within a few seconds from the window's load event. Please make sure it has an appropriate `as` value and it is preloaded intentionally. @ https://vercel.com/new:0
[  102039ms] [WARNING] The resource https://vercel.com/_next/static/immutable/chunks/0cb-6s68qy6wf.css was preloaded using link preload but not used within a few seconds from the window's load event. Please make sure it has an appropriate `as` value and it is preloaded intentionally. @ https://vercel.com/new:0
[  102039ms] [WARNING] The resource https://vercel.com/_next/static/immutable/chunks/23dfrepsb1ivw.css was preloaded using link preload but not used within a few seconds from the window's load event. Please make sure it has an appropriate `as` value and it is preloaded intentionally. @ https://vercel.com/new:0
[  128343ms] [WARNING] The resource https://vercel.com/_next/static/immutable/chunks/0wdig6-bji5jj.css was preloaded using link preload but not used within a few seconds from the window's load event. Please make sure it has an appropriate `as` value and it is preloaded intentionally. @ https://vercel.com/new:0
[  128344ms] [WARNING] The resource https://vercel.com/_next/static/immutable/chunks/28g3m5gczwiej.css was preloaded using link preload but not used within a few seconds from the window's load event. Please make sure it has an appropriate `as` value and it is preloaded intentionally. @ https://vercel.com/new:0
[  128344ms] [WARNING] The resource https://vercel.com/_next/static/immutable/chunks/2cw2on1hi-exm.css was preloaded using link preload but not used within a few seconds from the window's load event. Please make sure it has an appropriate `as` value and it is preloaded intentionally. @ https://vercel.com/new:0
[  128344ms] [WARNING] The resource https://vercel.com/_next/static/immutable/chunks/1qy3n_wgrinhq.css was preloaded using link preload but not used within a few seconds from the window's load event. Please make sure it has an appropriate `as` value and it is preloaded intentionally. @ https://vercel.com/new:0
[  128344ms] [WARNING] The resource https://vercel.com/_next/static/immutable/chunks/1qn0by1dcdo0p.css was preloaded using link preload but not used within a few seconds from the window's load event. Please make sure it has an appropriate `as` value and it is preloaded intentionally. @ https://vercel.com/new:0
[  128344ms] [WARNING] The resource https://vercel.com/_next/static/immutable/chunks/3d792zqltro0t.css was preloaded using link preload but not used within a few seconds from the window's load event. Please make sure it has an appropriate `as` value and it is preloaded intentionally. @ https://vercel.com/new:0
[  128344ms] [WARNING] The resource https://vercel.com/_next/static/immutable/chunks/0-shbsz3-8ybx.css was preloaded using link preload but not used within a few seconds from the window's load event. Please make sure it has an appropriate `as` value and it is preloaded intentionally. @ https://vercel.com/new:0
[  128344ms] [WARNING] The resource https://vercel.com/_next/static/immutable/chunks/0vpo63ygevep3.css was preloaded using link preload but not used within a few seconds from the window's load event. Please make sure it has an appropriate `as` value and it is preloaded intentionally. @ https://vercel.com/new:0
[  128344ms] [WARNING] The resource https://vercel.com/_next/static/immutable/chunks/0cb-6s68qy6wf.css was preloaded using link preload but not used within a few seconds from the window's load event. Please make sure it has an appropriate `as` value and it is preloaded intentionally. @ https://vercel.com/new:0
[  128344ms] [WARNING] The resource https://vercel.com/_next/static/immutable/chunks/23dfrepsb1ivw.css was preloaded using link preload but not used within a few seconds from the window's load event. Please make sure it has an appropriate `as` value and it is preloaded intentionally. @ https://vercel.com/new:0
[  133361ms] [ERROR] Failed to load resource: the server responded with a status of 404 () @ https://vercel.com/api/chat/nmPlGhz0fVAznASW/stream:0
[  133362ms] [WARNING] [omniagent] chat stream failed Error: {"error":{"code":"not_found","message":"The requested API endpoint was not found."}}
    at oS.reconnectToStream (https://vercel.com/_next/static/immutable/chunks/0nlrio1acyhql.js:38:48063)
    at async ae.makeRequest (https://vercel.com/_next/static/immutable/chunks/0nlrio1acyhql.js:23:47520)
    at async ae.resumeStream (https://vercel.com/_next/static/immutable/chunks/0nlrio1acyhql.js:23:44598) @ https://vercel.com/_next/static/immutable/chunks/3qsuav06ia3wm.js:16
[  133421ms] [ERROR] Failed to load resource: the server responded with a status of 404 () @ https://vercel.com/api/v2/teams/berhudanbascan-5287?flags=true&permissions=true:0
[  137675ms] [WARNING] The resource https://vercel.com/_next/static/immutable/media/caa3a2e1cccd8315.p.0wgildi0cnwt9.woff2 was preloaded using link preload but not used within a few seconds from the window's load event. Please make sure it has an appropriate `as` value and it is preloaded intentionally. @ https://vercel.com/account/settings:0
[  137675ms] [WARNING] The resource https://vercel.com/_next/static/immutable/chunks/0xd1135m6f4m2.css was preloaded using link preload but not used within a few seconds from the window's load event. Please make sure it has an appropriate `as` value and it is preloaded intentionally. @ https://vercel.com/account/settings:0
[  137675ms] [WARNING] The resource https://vercel.com/_next/static/immutable/chunks/1m1_zlugak3j1.css was preloaded using link preload but not used within a few seconds from the window's load event. Please make sure it has an appropriate `as` value and it is preloaded intentionally. @ https://vercel.com/account/settings:0
[  137675ms] [WARNING] The resource https://vercel.com/_next/static/immutable/media/GeistMono_Variable.p.1bcgm0qa26ixg.woff2 was preloaded using link preload but not used within a few seconds from the window's load event. Please make sure it has an appropriate `as` value and it is preloaded intentionally. @ https://vercel.com/account/settings:0
[  137675ms] [WARNING] The resource https://vercel.com/_next/static/immutable/chunks/3d792zqltro0t.css was preloaded using link preload but not used within a few seconds from the window's load event. Please make sure it has an appropriate `as` value and it is preloaded intentionally. @ https://vercel.com/account/settings:0
[  137675ms] [WARNING] The resource https://vercel.com/_next/static/immutable/chunks/0-shbsz3-8ybx.css was preloaded using link preload but not used within a few seconds from the window's load event. Please make sure it has an appropriate `as` value and it is preloaded intentionally. @ https://vercel.com/account/settings:0
[  137675ms] [WARNING] The resource https://vercel.com/_next/static/immutable/chunks/3eyjq1bkdvuwp.css was preloaded using link preload but not used within a few seconds from the window's load event. Please make sure it has an appropriate `as` value and it is preloaded intentionally. @ https://vercel.com/account/settings:0
[  137675ms] [WARNING] The resource https://vercel.com/_next/static/immutable/chunks/0wdig6-bji5jj.css was preloaded using link preload but not used within a few seconds from the window's load event. Please make sure it has an appropriate `as` value and it is preloaded intentionally. @ https://vercel.com/account/settings:0
[  137675ms] [WARNING] The resource https://vercel.com/_next/static/immutable/chunks/1qy3n_wgrinhq.css was preloaded using link preload but not used within a few seconds from the window's load event. Please make sure it has an appropriate `as` value and it is preloaded intentionally. @ https://vercel.com/account/settings:0
[  137675ms] [WARNING] The resource https://vercel.com/_next/static/immutable/chunks/1qn0by1dcdo0p.css was preloaded using link preload but not used within a few seconds from the window's load event. Please make sure it has an appropriate `as` value and it is preloaded intentionally. @ https://vercel.com/account/settings:0
[  137675ms] [WARNING] The resource https://vercel.com/_next/static/immutable/chunks/0m5li7e0qrqix.css was preloaded using link preload but not used within a few seconds from the window's load event. Please make sure it has an appropriate `as` value and it is preloaded intentionally. @ https://vercel.com/account/settings:0
[  137675ms] [WARNING] The resource https://vercel.com/_next/static/immutable/chunks/0vpo63ygevep3.css was preloaded using link preload but not used within a few seconds from the window's load event. Please make sure it has an appropriate `as` value and it is preloaded intentionally. @ https://vercel.com/account/settings:0
[  137675ms] [WARNING] The resource https://vercel.com/_next/static/immutable/chunks/0cb-6s68qy6wf.css was preloaded using link preload but not used within a few seconds from the window's load event. Please make sure it has an appropriate `as` value and it is preloaded intentionally. @ https://vercel.com/account/settings:0
[  146690ms] [WARNING] The resource https://vercel.com/_next/static/immutable/media/caa3a2e1cccd8315.p.0wgildi0cnwt9.woff2 was preloaded using link preload but not used within a few seconds from the window's load event. Please make sure it has an appropriate `as` value and it is preloaded intentionally. @ https://vercel.com/account/settings:0
[  146690ms] [WARNING] The resource https://vercel.com/_next/static/immutable/chunks/0xd1135m6f4m2.css was preloaded using link preload but not used within a few seconds from the window's load event. Please make sure it has an appropriate `as` value and it is preloaded intentionally. @ https://vercel.com/account/settings:0
[  146690ms] [WARNING] The resource https://vercel.com/_next/static/immutable/chunks/1m1_zlugak3j1.css was preloaded using link preload but not used within a few seconds from the window's load event. Please make sure it has an appropriate `as` value and it is preloaded intentionally. @ https://vercel.com/account/settings:0
[  146690ms] [WARNING] The resource https://vercel.com/_next/static/immutable/media/GeistMono_Variable.p.1bcgm0qa26ixg.woff2 was preloaded using link preload but not used within a few seconds from the window's load event. Please make sure it has an appropriate `as` value and it is preloaded intentionally. @ https://vercel.com/account/settings:0
[  146690ms] [WARNING] The resource https://vercel.com/_next/static/immutable/chunks/3d792zqltro0t.css was preloaded using link preload but not used within a few seconds from the window's load event. Please make sure it has an appropriate `as` value and it is preloaded intentionally. @ https://vercel.com/account/settings:0
[  146690ms] [WARNING] The resource https://vercel.com/_next/static/immutable/chunks/0-shbsz3-8ybx.css was preloaded using link preload but not used within a few seconds from the window's load event. Please make sure it has an appropriate `as` value and it is preloaded intentionally. @ https://vercel.com/account/settings:0
[  146690ms] [WARNING] The resource https://vercel.com/_next/static/immutable/chunks/3eyjq1bkdvuwp.css was preloaded using link preload but not used within a few seconds from the window's load event. Please make sure it has an appropriate `as` value and it is preloaded intentionally. @ https://vercel.com/account/settings:0
[  146690ms] [WARNING] The resource https://vercel.com/_next/static/immutable/chunks/0wdig6-bji5jj.css was preloaded using link preload but not used within a few seconds from the window's load event. Please make sure it has an appropriate `as` value and it is preloaded intentionally. @ https://vercel.com/account/settings:0
[  146690ms] [WARNING] The resource https://vercel.com/_next/static/immutable/chunks/1qy3n_wgrinhq.css was preloaded using link preload but not used within a few seconds from the window's load event. Please make sure it has an appropriate `as` value and it is preloaded intentionally. @ https://vercel.com/account/settings:0
[  146690ms] [WARNING] The resource https://vercel.com/_next/static/immutable/chunks/1qn0by1dcdo0p.css was preloaded using link preload but not used within a few seconds from the window's load event. Please make sure it has an appropriate `as` value and it is preloaded intentionally. @ https://vercel.com/account/settings:0
[  146690ms] [WARNING] The resource https://vercel.com/_next/static/immutable/chunks/0m5li7e0qrqix.css was preloaded using link preload but not used within a few seconds from the window's load event. Please make sure it has an appropriate `as` value and it is preloaded intentionally. @ https://vercel.com/account/settings:0
[  146691ms] [WARNING] The resource https://vercel.com/_next/static/immutable/chunks/0vpo63ygevep3.css was preloaded using link preload but not used within a few seconds from the window's load event. Please make sure it has an appropriate `as` value and it is preloaded intentionally. @ https://vercel.com/account/settings:0
[  146691ms] [WARNING] The resource https://vercel.com/_next/static/immutable/chunks/0cb-6s68qy6wf.css was preloaded using link preload but not used within a few seconds from the window's load event. Please make sure it has an appropriate `as` value and it is preloaded intentionally. @ https://vercel.com/account/settings:0
[  691831ms] [WARNING] The resource https://vercel.com/_next/static/immutable/media/caa3a2e1cccd8315.p.0wgildi0cnwt9.woff2 was preloaded using link preload but not used within a few seconds from the window's load event. Please make sure it has an appropriate `as` value and it is preloaded intentionally. @ https://vercel.com/account/settings:0
[  691833ms] [WARNING] The resource https://vercel.com/_next/static/immutable/chunks/0xd1135m6f4m2.css was preloaded using link preload but not used within a few seconds from the window's load event. Please make sure it has an appropriate `as` value and it is preloaded intentionally. @ https://vercel.com/account/settings:0
[  691833ms] [WARNING] The resource https://vercel.com/_next/static/immutable/chunks/1m1_zlugak3j1.css was preloaded using link preload but not used within a few seconds from the window's load event. Please make sure it has an appropriate `as` value and it is preloaded intentionally. @ https://vercel.com/account/settings:0
[  691833ms] [WARNING] The resource https://vercel.com/_next/static/immutable/media/GeistMono_Variable.p.1bcgm0qa26ixg.woff2 was preloaded using link preload but not used within a few seconds from the window's load event. Please make sure it has an appropriate `as` value and it is preloaded intentionally. @ https://vercel.com/account/settings:0
[  691833ms] [WARNING] The resource https://vercel.com/_next/static/immutable/chunks/3d792zqltro0t.css was preloaded using link preload but not used within a few seconds from the window's load event. Please make sure it has an appropriate `as` value and it is preloaded intentionally. @ https://vercel.com/account/settings:0
[  691833ms] [WARNING] The resource https://vercel.com/_next/static/immutable/chunks/0-shbsz3-8ybx.css was preloaded using link preload but not used within a few seconds from the window's load event. Please make sure it has an appropriate `as` value and it is preloaded intentionally. @ https://vercel.com/account/settings:0
[  691833ms] [WARNING] The resource https://vercel.com/_next/static/immutable/chunks/3eyjq1bkdvuwp.css was preloaded using link preload but not used within a few seconds from the window's load event. Please make sure it has an appropriate `as` value and it is preloaded intentionally. @ https://vercel.com/account/settings:0
[  691833ms] [WARNING] The resource https://vercel.com/_next/static/immutable/chunks/0wdig6-bji5jj.css was preloaded using link preload but not used within a few seconds from the window's load event. Please make sure it has an appropriate `as` value and it is preloaded intentionally. @ https://vercel.com/account/settings:0
[  691833ms] [WARNING] The resource https://vercel.com/_next/static/immutable/chunks/1qy3n_wgrinhq.css was preloaded using link preload but not used within a few seconds from the window's load event. Please make sure it has an appropriate `as` value and it is preloaded intentionally. @ https://vercel.com/account/settings:0
[  691834ms] [WARNING] The resource https://vercel.com/_next/static/immutable/chunks/1qn0by1dcdo0p.css was preloaded using link preload but not used within a few seconds from the window's load event. Please make sure it has an appropriate `as` value and it is preloaded intentionally. @ https://vercel.com/account/settings:0
[  691834ms] [WARNING] The resource https://vercel.com/_next/static/immutable/chunks/0m5li7e0qrqix.css was preloaded using link preload but not used within a few seconds from the window's load event. Please make sure it has an appropriate `as` value and it is preloaded intentionally. @ https://vercel.com/account/settings:0
[  691834ms] [WARNING] The resource https://vercel.com/_next/static/immutable/chunks/0vpo63ygevep3.css was preloaded using link preload but not used within a few seconds from the window's load event. Please make sure it has an appropriate `as` value and it is preloaded intentionally. @ https://vercel.com/account/settings:0
[  691834ms] [WARNING] The resource https://vercel.com/_next/static/immutable/chunks/0cb-6s68qy6wf.css was preloaded using link preload but not used within a few seconds from the window's load event. Please make sure it has an appropriate `as` value and it is preloaded intentionally. @ https://vercel.com/account/settings:0
